> Task :compileJava UP-TO-DATE
> Task :processResources UP-TO-DATE
> Task :classes UP-TO-DATE
> Task :resolveMainClassName UP-TO-DATE

> Task :bootRun

  .   ____          _            __ _ _
 /\\ / ___'_ __ _ _(_)_ __  __ _ \ \ \ \
( ( )\___ | '_ | '_| | '_ \/ _` | \ \ \ \
 \\/  ___)| |_)| | | | | || (_| |  ) ) ) )
  '  |____| .__|_| |_|_| |_\__, | / / / /
 =========|_|==============|___/=/_/_/_/

 :: Spring Boot ::                (v4.0.7)

2026-08-06T21:03:34.030+09:00  INFO 13668 --- [           main] com.example.demo.DemoApplication         : Starting DemoApplication using Java 17.0.16 with PID 13668 (C:\Users\jieunhan\Downloads\demo\build\classes\java\main started by jieunhan in C:\Users\jieunhan\Downloads\demo)
2026-08-06T21:03:34.042+09:00  INFO 13668 --- [           main] com.example.demo.DemoApplication         : No active profile set, falling back to 1 default profile: "default"
2026-08-06T21:03:35.679+09:00 DEBUG 13668 --- [           main] org.apache.ibatis.logging.LogFactory     : Logging initialized using 'class org.apache.ibatis.logging.slf4j.Slf4jImpl' adapter.
2026-08-06T21:03:36.683+09:00  INFO 13668 --- [           main] o.s.boot.tomcat.TomcatWebServer          : Tomcat initialized with port 8080 (http)
2026-08-06T21:03:36.711+09:00  INFO 13668 --- [           main] o.apache.catalina.core.StandardService   : Starting service [Tomcat]
2026-08-06T21:03:36.712+09:00  INFO 13668 --- [           main] o.apache.catalina.core.StandardEngine    : Starting Servlet engine: [Apache Tomcat/11.0.22]
2026-08-06T21:03:37.174+09:00  INFO 13668 --- [           main] org.apache.jasper.servlet.TldScanner     : At least one JAR was scanned for TLDs yet contained no TLDs. Enable debug logging for this logger for a complete list of JARs that were scanned but no TLDs were found in them. Skipping unneeded JARs during scanning can improve startup time and JSP compilation time.
2026-08-06T21:03:37.190+09:00  INFO 13668 --- [           main] b.w.c.s.WebApplicationContextInitializer : Root WebApplicationContext: initialization completed in 2996 ms
2026-08-06T21:03:37.354+09:00  INFO 13668 --- [           main] com.zaxxer.hikari.HikariDataSource       : HikariPool-1 - Starting...
2026-08-06T21:03:37.765+09:00  INFO 13668 --- [           main] com.zaxxer.hikari.pool.HikariPool        : HikariPool-1 - Added connection conn0: url=jdbc:h2:mem:bankdb user=SA
2026-08-06T21:03:37.768+09:00  INFO 13668 --- [           main] com.zaxxer.hikari.HikariDataSource       : HikariPool-1 - Start completed.
Logging initialized using 'class org.apache.ibatis.logging.stdout.StdOutImpl' adapter.
2026-08-06T21:03:38.661+09:00  WARN 13668 --- [           main] .s.a.UserDetailsServiceAutoConfiguration : 

Using generated security password: a140734b-1f79-4e3f-8204-44a08451bbfd

This generated password is for development use only. Your security configuration must be updated before running your application in production.

2026-08-06T21:03:38.676+09:00  INFO 13668 --- [           main] r$InitializeUserDetailsManagerConfigurer : Global AuthenticationManager configured with UserDetailsService bean with name inMemoryUserDetailsManager
2026-08-06T21:03:39.271+09:00  INFO 13668 --- [           main] o.s.b.h.a.H2ConsoleAutoConfiguration     : H2 console available at '/h2-console'. Database available at 'jdbc:h2:mem:bankdb'
2026-08-06T21:03:39.392+09:00  INFO 13668 --- [           main] o.s.boot.tomcat.TomcatWebServer          : Tomcat started on port 8080 (http) with context path '/'
2026-08-06T21:03:39.399+09:00  INFO 13668 --- [           main] com.example.demo.DemoApplication         : Started DemoApplication in 6.468 seconds (process running for 7.621)
2026-08-06T21:03:54.570+09:00  INFO 13668 --- [nio-8080-exec-1] o.a.c.c.C.[Tomcat].[localhost].[/]       : Initializing Spring DispatcherServlet 'dispatcherServlet'
2026-08-06T21:03:54.570+09:00  INFO 13668 --- [nio-8080-exec-1] o.s.web.servlet.DispatcherServlet        : Initializing Servlet 'dispatcherServlet'
2026-08-06T21:03:54.571+09:00  INFO 13668 --- [nio-8080-exec-1] o.s.web.servlet.DispatcherServlet        : Completed initialization in 1 ms
2026-08-06T21:03:54.885+09:00  WARN 13668 --- [nio-8080-exec-1] o.a.c.util.SessionIdGeneratorBase        : Creation of SecureRandom instance for session ID generation using [SHA1PRNG] took [160] milliseconds.

> Task :bootRun FAILED

FAILURE: Build failed with an exception.

* What went wrong:
Execution failed for task ':bootRun' (registered by plugin 'org.springframework.boot').
> Process 'command 'C:\Program Files\Java\jdk-17\bin\java.exe'' finished with non-zero exit value -1 (NTSTATUS 0xFFFFFFFF)

* Try:
> Run with --stacktrace option to get the stack trace.
> Run with --info or --debug option to get more log output.
> Run with --scan to get full insights from a Build Scan (powered by Develocity).
> Get more help at https://help.gradle.org.

BUILD FAILED in 6m 28s
4 actionable tasks: 1 executed, 3 up-to-date
